ok: L1 ownership lifecycle structure
warning: re-init: ignored --initial-branch=main
warning: re-init: ignored --initial-branch=main
warning: re-init: ignored --initial-branch=work
warning: re-init: ignored --initial-branch=main
ok: template ci
ok: ci smoke
ok: L1 ownership lifecycle structure
warning: re-init: ignored --initial-branch=main
warning: re-init: ignored --initial-branch=main
warning: re-init: ignored --initial-branch=work
warning: re-init: ignored --initial-branch=main
ok: template ci
ok: ci smoke
ok: L1 ownership lifecycle structure
warning: re-init: ignored --initial-branch=main
warning: re-init: ignored --initial-branch=main
warning: re-init: ignored --initial-branch=work
warning: re-init: ignored --initial-branch=main
ok: template ci
ok: ci smoke
ok: L1 ownership lifecycle structure
warning: re-init: ignored --initial-branch=main
warning: re-init: ignored --initial-branch=main
warning: re-init: ignored --initial-branch=work
warning: re-init: ignored --initial-branch=main
ok: template ci
ok: ci smoke
ok: L1 ownership lifecycle structure
warning: re-init: ignored --initial-branch=main
warning: re-init: ignored --initial-branch=main
warning: re-init: ignored --initial-branch=work
warning: re-init: ignored --initial-branch=main
ok: template ci
ok: ci smoke
warning: re-init: ignored --initial-branch=main
warning: re-init: ignored --initial-branch=main
warning: re-init: ignored --initial-branch=work
warning: re-init: ignored --initial-branch=main
chmod: scripts/rocs.sh: new permissions are rw-r-xr-x, not rw-r--r--
