ok: L1 ownership lifecycle structure
warning: re-init: ignored --initial-branch=main
warning: re-init: ignored --initial-branch=main
warning: re-init: ignored --initial-branch=work
warning: re-init: ignored --initial-branch=main
ok: template ci
ok: ci smoke
ok: L1 ownership lifecycle structure
warning: re-init: ignored --initial-branch=main
warning: re-init: ignored --initial-branch=main
warning: re-init: ignored --initial-branch=work
warning: re-init: ignored --initial-branch=main
ok: template ci
ok: ci smoke
ok: L1 ownership lifecycle structure
warning: re-init: ignored --initial-branch=main
warning: re-init: ignored --initial-branch=main
warning: re-init: ignored --initial-branch=work
warning: re-init: ignored --initial-branch=main
ok: template ci
ok: ci smoke
ok: L1 ownership lifecycle structure
warning: re-init: ignored --initial-branch=main
warning: re-init: ignored --initial-branch=main
warning: re-init: ignored --initial-branch=work
warning: re-init: ignored --initial-branch=main
ok: template ci
ok: ci smoke
ok: L1 ownership lifecycle structure
warning: re-init: ignored --initial-branch=main
warning: re-init: ignored --initial-branch=main
warning: re-init: ignored --initial-branch=work
warning: re-init: ignored --initial-branch=main
ok: template ci
ok: ci smoke
warning: re-init: ignored --initial-branch=main
warning: re-init: ignored --initial-branch=main
warning: re-init: ignored --initial-branch=work
warning: re-init: ignored --initial-branch=main
warning: re-init: ignored --initial-branch=main
pre-commit: UBS helper not found at /home/tryinget/ai-society/holdingco/scripts/ubs-staged.sh; skipping UBS scan (set UBS_STAGED to enable)
warning: re-init: ignored --initial-branch=main
pre-commit: UBS helper not found at /home/tryinget/ai-society/holdingco/scripts/ubs-staged.sh; skipping UBS scan (set UBS_STAGED to enable)
.....F...........
======================================================================
FAIL: test_apply_updates_template_and_preserves_company_owned_bytes (tests.test_l1_template_ownership.L1TemplateOwnershipTests.test_apply_updates_template_and_preserves_company_owned_bytes)
----------------------------------------------------------------------
Traceback (most recent call last):
  File "/home/tryinget/.local/state/pi-quests/tmp/ak6351-l0-01a0f678-716c-785f-a310-9a0d2ff48667/tests/test_l1_template_ownership.py", line 198, in test_apply_updates_template_and_preserves_company_owned_bytes
    gate = run("bash", "scripts/check-template-ci.sh", cwd=target)
  File "/home/tryinget/.local/state/pi-quests/tmp/ak6351-l0-01a0f678-716c-785f-a310-9a0d2ff48667/tests/test_l1_template_ownership.py", line 44, in run
    raise AssertionError(
    ...<2 lines>...
    )
AssertionError: command returned 2, expected 0: ('bash', 'scripts/check-template-ci.sh')
stdout:
ok: L1 ownership lifecycle structure

stderr:
error: company L0 pin must be a full lowercase commit


----------------------------------------------------------------------
Ran 17 tests in 386.287s

FAILED (failures=1)
finalized ownership state from AK evidence:456; review and commit state closeout
finalized ownership state from AK evidence:456; review and commit state closeout
APPLY
preserve: 13 rendered agent-owned path(s)
note: target-only paths are outside this refresh except the fingerprint-approved obsolete answer templates and the L0 retirement manifest entries listed below
retire: copier/tpl-agent-repo/.copier-answers.yml.j2 (approved sha256=b900dec6d3a387588b29433dc78d5c01224e680ac8ab2bb123fc9a930b5e2050; successor=copier/tpl-agent-repo/{{ '.' ~ _copier_conf.sep ~ _copier_conf.answers_file }}.j2)
retire: copier/tpl-org-repo/.copier-answers.yml.j2 (approved sha256=b900dec6d3a387588b29433dc78d5c01224e680ac8ab2bb123fc9a930b5e2050; successor=copier/tpl-org-repo/{{ '.' ~ _copier_conf.sep ~ _copier_conf.answers_file }}.j2)
retire: copier/tpl-project-repo/.copier-answers.yml.j2 (approved sha256=b900dec6d3a387588b29433dc78d5c01224e680ac8ab2bb123fc9a930b5e2050; successor=copier/tpl-project-repo/{{ '.' ~ _copier_conf.sep ~ _copier_conf.answers_file }}.j2)
retire: copier/tpl-monorepo/.copier-answers.yml.j2 (approved sha256=781390e4ec6052dd8a2360d32b7a637c47dedde81f3841249b6a297da165f450; successor=copier/tpl-monorepo/{{ '.' ~ _copier_conf.sep ~ _copier_conf.answers_file }}.j2)
retire: copier/tpl-package/.copier-answers.yml.j2 (approved sha256=27dba22ed419dc971cdc8f8ccc714336476108f3b951a5e3c15f87a370bd6d76; successor=copier/tpl-package/{{ '.' ~ _copier_conf.sep ~ _copier_conf.answers_file }}.j2)
update: scripts/ci/full.sh
--- a/scripts/ci/full.sh
+++ b/scripts/ci/full.sh
@@ -55,3 +55,5 @@
 ./scripts/lib/run-local-hook.sh local/ci/full.sh "$@"
 
 echo "ok: ci full"
+
+# refresh change
